// Jest Snapshot v1, https://goo.gl/fbAQLP

exports[`Render Button 1`] = `
<TouchableOpacity
  activeOpacity={0.2}
  style={
    Array [
      Object {
        "alignItems": "center",
        "backgroundColor": "#0D0E13",
        "borderRadius": 3,
        "flexDirection": "row",
        "height": 45,
        "justifyContent": "center",
        "paddingHorizontal": 25,
      },
      undefined,
      undefined,
    ]
  }
>
  <Text
    accessible={true}
    allowFontScaling={true}
    ellipsizeMode="tail"
    style={
      Object {
        "color": "#FFFFFF",
        "fontFamily": "Raleway",
        "fontSize": 18,
        "fontWeight": "400",
        "letterSpacing": 0.5,
      }
    }
  />
</TouchableOpacity>
`;
